\BOOKMARK [1][-]{section.1}{Sec 1}{}
\BOOKMARK [1][-]{section.2}{Sec 2}{}
\BOOKMARK [2][-]{subsection.2.1}{Subsec 2.1}{section.2}
\BOOKMARK [3][-]{subsubsection.2.1.1}{Subsubsec 2.1.1}{subsection.2.1}
\BOOKMARK [3][-]{subsubsection.2.1.2}{Subsubsec 2.1.2}{subsection.2.1}
\BOOKMARK [2][-]{subsection.2.2}{Subsec 2.2}{section.2}
\BOOKMARK [1][-]{section.3}{Sec 3}{}
\BOOKMARK [2][-]{subsection.3.1}{Subsec 3.1}{section.3}
\BOOKMARK [2][-]{subsection.3.2}{Subsec 3.2}{section.3}
\BOOKMARK [1][-]{section.4}{Sec 4}{}
\BOOKMARK [1][-]{section.5}{Sec 5}{}
\BOOKMARK [1][-]{section.6}{Sec 6}{}
